2026-03-16 16:57:03 | INFO     | ========================================
2026-03-16 16:57:03 | INFO     | ЗАПУСК БОТА (VK API)
2026-03-16 16:57:03 | INFO     | ========================================
2026-03-16 16:57:03 | ERROR    | Ошибка отправки админу 123456789: [901] Can't send messages for users without permission
2026-03-16 16:57:04 | ERROR    | Ошибка отправки админу 987654321: [901] Can't send messages for users without permission
2026-03-16 16:57:04 | ERROR    | Критическая ошибка: type object 'VkEventType' has no attribute 'MESSAGE_EVENT'
Traceback (most recent call last):
  File "C:\Users\marga\PycharmProjects\лора дейн вк\main.py", line 583, in main
    elif event.type == VkEventType.MESSAGE_EVENT:
                       ^^^^^^^^^^^^^^^^^^^^^^^^^
AttributeError: type object 'VkEventType' has no attribute 'MESSAGE_EVENT'. Did you mean: 'MESSAGE_EDIT'?

2026-03-16 16:57:04 | ERROR    | Ошибка отправки админу 123456789: [901] Can't send messages for users without permission
2026-03-16 16:57:04 | ERROR    | Ошибка отправки админу 987654321: [901] Can't send messages for users without permission
2026-03-16 16:57:05 | ERROR    | Ошибка отправки админу 123456789: [901] Can't send messages for users without permission
2026-03-16 16:57:05 | ERROR    | Ошибка отправки админу 987654321: [901] Can't send messages for users without permission
2026-03-16 16:57:05 | INFO     | Бот остановлен
2026-03-16 17:02:35 | INFO     | ========================================
2026-03-16 17:02:35 | INFO     | ЗАПУСК БОТА (VK API)
2026-03-16 17:02:35 | INFO     | ========================================
2026-03-16 17:02:36 | ERROR    | Критическая ошибка: type object 'VkEventType' has no attribute 'MESSAGE_EVENT'
Traceback (most recent call last):
  File "C:\Users\marga\PycharmProjects\лора дейн вк\main.py", line 583, in main
    elif event.type == VkEventType.MESSAGE_EVENT:
                       ^^^^^^^^^^^^^^^^^^^^^^^^^
AttributeError: type object 'VkEventType' has no attribute 'MESSAGE_EVENT'. Did you mean: 'MESSAGE_EDIT'?

2026-03-16 17:02:37 | INFO     | Бот остановлен
2026-03-16 17:03:57 | INFO     | ========================================
2026-03-16 17:03:57 | INFO     | ЗАПУСК БОТА (VK API)
2026-03-16 17:03:57 | INFO     | ========================================
2026-03-16 17:06:58 | INFO     | Новый игрок: 26654099 (@mkuchumova)
2026-03-16 17:17:53 | INFO     | ========================================
2026-03-16 17:17:53 | INFO     | ЗАПУСК БОТА (VK API, текстовый ввод)
2026-03-16 17:17:53 | INFO     | ========================================
2026-03-16 17:18:07 | INFO     | Новый игрок: 26654099 (@mkuchumova)
2026-03-16 17:19:02 | INFO     | Бот остановлен
2026-03-16 17:19:02 | INFO     | Бот остановлен (Ctrl+C)
2026-03-16 17:19:04 | INFO     | ========================================
2026-03-16 17:19:04 | INFO     | ЗАПУСК БОТА (VK API, текстовый ввод)
2026-03-16 17:19:04 | INFO     | ========================================
2026-03-16 17:19:15 | INFO     | Новый игрок: 26654099 (@mkuchumova)
2026-03-16 17:20:01 | INFO     | ========================================
2026-03-16 17:20:01 | INFO     | ЗАПУСК БОТА (VK API, текстовый ввод)
2026-03-16 17:20:01 | INFO     | ========================================
2026-03-16 17:20:08 | INFO     | Новый игрок: 26654099 (@mkuchumova)
2026-03-16 17:20:32 | INFO     | Бот остановлен
2026-03-16 17:20:32 | INFO     | Бот остановлен (Ctrl+C)
2026-03-16 17:20:33 | INFO     | ========================================
2026-03-16 17:20:33 | INFO     | ЗАПУСК БОТА (VK API, текстовый ввод)
2026-03-16 17:20:33 | INFO     | ========================================
2026-03-16 17:20:48 | INFO     | Новый игрок: 26654099 (@mkuchumova)
2026-03-16 17:25:08 | INFO     | ========================================
2026-03-16 17:25:08 | INFO     | ЗАПУСК БОТА (VK API, текстовый ввод)
2026-03-16 17:25:08 | INFO     | ========================================
2026-03-16 17:25:22 | INFO     | Новый игрок: 26654099 (@mkuchumova)
2026-03-16 17:46:17 | INFO     | ========================================
2026-03-16 17:46:17 | INFO     | ЗАПУСК БОТА (VK API, текстовый ввод)
2026-03-16 17:46:17 | INFO     | ========================================
2026-03-16 17:46:40 | INFO     | Новый игрок: 26654099 (@mkuchumova)
2026-03-16 17:53:58 | INFO     | ========================================
2026-03-16 17:53:58 | INFO     | ЗАПУСК БОТА (VK API, текстовый ввод)
2026-03-16 17:53:58 | INFO     | ========================================
2026-03-16 17:54:05 | INFO     | Новый игрок: 26654099 (@mkuchumova)
2026-03-16 17:54:50 | INFO     | Новый игрок: 26654099 (@mkuchumova)
2026-03-16 17:58:30 | INFO     | ========================================
2026-03-16 17:58:30 | INFO     | ЗАПУСК БОТА (VK API, текстовый ввод)
2026-03-16 17:58:30 | INFO     | ========================================
2026-03-16 17:58:46 | INFO     | Новый игрок: 26654099 (@mkuchumova)
2026-03-16 19:03:44 | INFO     | Heartbeat. Аптайм: 1:05:13
2026-03-16 19:03:45 | ERROR    | Критическая ошибка: ('Connection aborted.', ConnectionResetError(10054, 'Удаленный хост принудительно разорвал существующее подключение', None, 10054, None))
Traceback (most recent call last):
  File "C:\Users\marga\PycharmProjects\лора дейн вк\.venv\Lib\site-packages\urllib3\connectionpool.py", line 787, in urlopen
    response = self._make_request(
        conn,
    ...<10 lines>...
        **response_kw,
    )
  File "C:\Users\marga\PycharmProjects\лора дейн вк\.venv\Lib\site-packages\urllib3\connectionpool.py", line 534, in _make_request
    response = conn.getresponse()
  File "C:\Users\marga\PycharmProjects\лора дейн вк\.venv\Lib\site-packages\urllib3\connection.py", line 571, in getresponse
    httplib_response = super().getresponse()
  File "C:\Users\marga\AppData\Local\Programs\Python\Python313\Lib\http\client.py", line 1430, in getresponse
    response.begin()
    ~~~~~~~~~~~~~~^^
  File "C:\Users\marga\AppData\Local\Programs\Python\Python313\Lib\http\client.py", line 331, in begin
    version, status, reason = self._read_status()
                              ~~~~~~~~~~~~~~~~~^^
  File "C:\Users\marga\AppData\Local\Programs\Python\Python313\Lib\http\client.py", line 292, in _read_status
    line = str(self.fp.readline(_MAXLINE + 1), "iso-8859-1")
               ~~~~~~~~~~~~~~~~^^^^^^^^^^^^^^
  File "C:\Users\marga\AppData\Local\Programs\Python\Python313\Lib\socket.py", line 719, in readinto
    return self._sock.recv_into(b)
           ~~~~~~~~~~~~~~~~~~~~^^^
  File "C:\Users\marga\AppData\Local\Programs\Python\Python313\Lib\ssl.py", line 1304, in recv_into
    return self.read(nbytes, buffer)
           ~~~~~~~~~^^^^^^^^^^^^^^^^
  File "C:\Users\marga\AppData\Local\Programs\Python\Python313\Lib\ssl.py", line 1138, in read
    return self._sslobj.read(len, buffer)
           ~~~~~~~~~~~~~~~~~^^^^^^^^^^^^^
ConnectionResetError: [WinError 10054] Удаленный хост принудительно разорвал существующее подключение

During handling of the above exception, another exception occurred:

Traceback (most recent call last):
  File "C:\Users\marga\PycharmProjects\лора дейн вк\.venv\Lib\site-packages\requests\adapters.py", line 644, in send
    resp = conn.urlopen(
        method=request.method,
    ...<9 lines>...
        chunked=chunked,
    )
  File "C:\Users\marga\PycharmProjects\лора дейн вк\.venv\Lib\site-packages\urllib3\connectionpool.py", line 841, in urlopen
    retries = retries.increment(
        method, url, error=new_e, _pool=self, _stacktrace=sys.exc_info()[2]
    )
  File "C:\Users\marga\PycharmProjects\лора дейн вк\.venv\Lib\site-packages\urllib3\util\retry.py", line 490, in increment
    raise reraise(type(error), error, _stacktrace)
          ~~~~~~~^^^^^^^^^^^^^^^^^^^^^^^^^^^^^^^^^
  File "C:\Users\marga\PycharmProjects\лора дейн вк\.venv\Lib\site-packages\urllib3\util\util.py", line 38, in reraise
    raise value.with_traceback(tb)
  File "C:\Users\marga\PycharmProjects\лора дейн вк\.venv\Lib\site-packages\urllib3\connectionpool.py", line 787, in urlopen
    response = self._make_request(
        conn,
    ...<10 lines>...
        **response_kw,
    )
  File "C:\Users\marga\PycharmProjects\лора дейн вк\.venv\Lib\site-packages\urllib3\connectionpool.py", line 534, in _make_request
    response = conn.getresponse()
  File "C:\Users\marga\PycharmProjects\лора дейн вк\.venv\Lib\site-packages\urllib3\connection.py", line 571, in getresponse
    httplib_response = super().getresponse()
  File "C:\Users\marga\AppData\Local\Programs\Python\Python313\Lib\http\client.py", line 1430, in getresponse
    response.begin()
    ~~~~~~~~~~~~~~^^
  File "C:\Users\marga\AppData\Local\Programs\Python\Python313\Lib\http\client.py", line 331, in begin
    version, status, reason = self._read_status()
                              ~~~~~~~~~~~~~~~~~^^
  File "C:\Users\marga\AppData\Local\Programs\Python\Python313\Lib\http\client.py", line 292, in _read_status
    line = str(self.fp.readline(_MAXLINE + 1), "iso-8859-1")
               ~~~~~~~~~~~~~~~~^^^^^^^^^^^^^^
  File "C:\Users\marga\AppData\Local\Programs\Python\Python313\Lib\socket.py", line 719, in readinto
    return self._sock.recv_into(b)
           ~~~~~~~~~~~~~~~~~~~~^^^
  File "C:\Users\marga\AppData\Local\Programs\Python\Python313\Lib\ssl.py", line 1304, in recv_into
    return self.read(nbytes, buffer)
           ~~~~~~~~~^^^^^^^^^^^^^^^^
  File "C:\Users\marga\AppData\Local\Programs\Python\Python313\Lib\ssl.py", line 1138, in read
    return self._sslobj.read(len, buffer)
           ~~~~~~~~~~~~~~~~~^^^^^^^^^^^^^
urllib3.exceptions.ProtocolError: ('Connection aborted.', ConnectionResetError(10054, 'Удаленный хост принудительно разорвал существующее подключение', None, 10054, None))

During handling of the above exception, another exception occurred:

Traceback (most recent call last):
  File "C:\Users\marga\PycharmProjects\лора дейн вк\main.py", line 359, in main
    for event in longpoll.listen():
                 ~~~~~~~~~~~~~~~^^
  File "C:\Users\marga\PycharmProjects\лора дейн вк\.venv\Lib\site-packages\vk_api\longpoll.py", line 611, in listen
    yield from self.check()
               ~~~~~~~~~~^^
  File "C:\Users\marga\PycharmProjects\лора дейн вк\.venv\Lib\site-packages\vk_api\longpoll.py", line 548, in check
    response = self.session.get(
               ~~~~~~~~~~~~~~~~^
        self.url,
        ^^^^^^^^^
        params=values,
        ^^^^^^^^^^^^^^
        timeout=self.wait + 10
        ^^^^^^^^^^^^^^^^^^^^^^
    ).json()
    ^
  File "C:\Users\marga\PycharmProjects\лора дейн вк\.venv\Lib\site-packages\requests\sessions.py", line 602, in get
    return self.request("GET", url, **kwargs)
           ~~~~~~~~~~~~^^^^^^^^^^^^^^^^^^^^^^
  File "C:\Users\marga\PycharmProjects\лора дейн вк\.venv\Lib\site-packages\requests\sessions.py", line 589, in request
    resp = self.send(prep, **send_kwargs)
  File "C:\Users\marga\PycharmProjects\лора дейн вк\.venv\Lib\site-packages\requests\sessions.py", line 703, in send
    r = adapter.send(request, **kwargs)
  File "C:\Users\marga\PycharmProjects\лора дейн вк\.venv\Lib\site-packages\requests\adapters.py", line 659, in send
    raise ConnectionError(err, request=request)
requests.exceptions.ConnectionError: ('Connection aborted.', ConnectionResetError(10054, 'Удаленный хост принудительно разорвал существующее подключение', None, 10054, None))

2026-03-16 19:03:45 | ERROR    | Ошибка отправки админу 26654099: HTTPSConnectionPool(host='api.vk.com', port=443): Max retries exceeded with url: /method/messages.send (Caused by NameResolutionError("HTTPSConnection(host='api.vk.com', port=443): Failed to resolve 'api.vk.com' ([Errno 11001] getaddrinfo failed)"))
2026-03-16 19:03:45 | ERROR    | Ошибка отправки админу 26654099: HTTPSConnectionPool(host='api.vk.com', port=443): Max retries exceeded with url: /method/messages.send (Caused by NameResolutionError("HTTPSConnection(host='api.vk.com', port=443): Failed to resolve 'api.vk.com' ([Errno 11001] getaddrinfo failed)"))
2026-03-16 19:03:45 | INFO     | Бот остановлен
2026-04-20 18:07:18 | INFO     | ========================================
2026-04-20 18:07:18 | INFO     | ЗАПУСК БОТА (VK API, текстовый ввод)
2026-04-20 18:07:18 | INFO     | ========================================
2026-04-20 18:07:56 | INFO     | Новый игрок: 26654099 (@mkuchumova)
2026-04-20 18:10:47 | INFO     | ========================================
2026-04-20 18:10:47 | INFO     | ЗАПУСК БОТА (VK API, текстовый ввод)
2026-04-20 18:10:47 | INFO     | ========================================
2026-04-20 18:11:33 | INFO     | ========================================
2026-04-20 18:11:33 | INFO     | ЗАПУСК БОТА (VK API, текстовый ввод)
2026-04-20 18:11:33 | INFO     | ========================================
2026-04-20 18:11:39 | INFO     | Новый игрок: 26654099 (@mkuchumova)
2026-04-20 18:13:37 | INFO     | ========================================
2026-04-20 18:13:37 | INFO     | ЗАПУСК БОТА (VK API, текстовый ввод)
2026-04-20 18:13:37 | INFO     | ========================================
2026-04-20 18:14:01 | INFO     | Новый игрок: 26654099 (@mkuchumova)
2026-04-20 18:14:29 | INFO     | Бот остановлен
2026-04-20 18:14:29 | INFO     | Бот остановлен (Ctrl+C)
2026-04-20 23:27:59 | INFO     | ========================================
2026-04-20 23:27:59 | INFO     | ЗАПУСК БОТА (VK API, текстовый ввод)
2026-04-20 23:27:59 | INFO     | ========================================
2026-04-20 23:28:16 | INFO     | Новый игрок: 26654099 (@mkuchumova)
2026-04-20 23:30:58 | INFO     | Новый игрок: 26654099 (@mkuchumova)
2026-04-20 23:49:06 | INFO     | Новый игрок: 26654099 (@mkuchumova)
2026-04-20 23:49:16 | INFO     | Новый игрок: 26654099 (@mkuchumova)
2026-04-21 00:00:25 | ERROR    | Критическая ошибка: HTTPSConnectionPool(host='im.vk.com', port=443): Read timed out. (read timeout=35)
Traceback (most recent call last):
  File "C:\Users\marga\PycharmProjects\лора дейн вк\.venv\Lib\site-packages\urllib3\connectionpool.py", line 534, in _make_request
    response = conn.getresponse()
  File "C:\Users\marga\PycharmProjects\лора дейн вк\.venv\Lib\site-packages\urllib3\connection.py", line 571, in getresponse
    httplib_response = super().getresponse()
  File "C:\Users\marga\AppData\Local\Programs\Python\Python313\Lib\http\client.py", line 1430, in getresponse
    response.begin()
    ~~~~~~~~~~~~~~^^
  File "C:\Users\marga\AppData\Local\Programs\Python\Python313\Lib\http\client.py", line 331, in begin
    version, status, reason = self._read_status()
                              ~~~~~~~~~~~~~~~~~^^
  File "C:\Users\marga\AppData\Local\Programs\Python\Python313\Lib\http\client.py", line 292, in _read_status
    line = str(self.fp.readline(_MAXLINE + 1), "iso-8859-1")
               ~~~~~~~~~~~~~~~~^^^^^^^^^^^^^^
  File "C:\Users\marga\AppData\Local\Programs\Python\Python313\Lib\socket.py", line 719, in readinto
    return self._sock.recv_into(b)
           ~~~~~~~~~~~~~~~~~~~~^^^
  File "C:\Users\marga\AppData\Local\Programs\Python\Python313\Lib\ssl.py", line 1304, in recv_into
    return self.read(nbytes, buffer)
           ~~~~~~~~~^^^^^^^^^^^^^^^^
  File "C:\Users\marga\AppData\Local\Programs\Python\Python313\Lib\ssl.py", line 1138, in read
    return self._sslobj.read(len, buffer)
           ~~~~~~~~~~~~~~~~~^^^^^^^^^^^^^
TimeoutError: The read operation timed out

The above exception was the direct cause of the following exception:

Traceback (most recent call last):
  File "C:\Users\marga\PycharmProjects\лора дейн вк\.venv\Lib\site-packages\requests\adapters.py", line 644, in send
    resp = conn.urlopen(
        method=request.method,
    ...<9 lines>...
        chunked=chunked,
    )
  File "C:\Users\marga\PycharmProjects\лора дейн вк\.venv\Lib\site-packages\urllib3\connectionpool.py", line 841, in urlopen
    retries = retries.increment(
        method, url, error=new_e, _pool=self, _stacktrace=sys.exc_info()[2]
    )
  File "C:\Users\marga\PycharmProjects\лора дейн вк\.venv\Lib\site-packages\urllib3\util\retry.py", line 490, in increment
    raise reraise(type(error), error, _stacktrace)
          ~~~~~~~^^^^^^^^^^^^^^^^^^^^^^^^^^^^^^^^^
  File "C:\Users\marga\PycharmProjects\лора дейн вк\.venv\Lib\site-packages\urllib3\util\util.py", line 39, in reraise
    raise value
  File "C:\Users\marga\PycharmProjects\лора дейн вк\.venv\Lib\site-packages\urllib3\connectionpool.py", line 787, in urlopen
    response = self._make_request(
        conn,
    ...<10 lines>...
        **response_kw,
    )
  File "C:\Users\marga\PycharmProjects\лора дейн вк\.venv\Lib\site-packages\urllib3\connectionpool.py", line 536, in _make_request
    self._raise_timeout(err=e, url=url, timeout_value=read_timeout)
    ~~~~~~~~~~~~~~~~~~~^^^^^^^^^^^^^^^^^^^^^^^^^^^^^^^^^^^^^^^^^^^^
  File "C:\Users\marga\PycharmProjects\лора дейн вк\.venv\Lib\site-packages\urllib3\connectionpool.py", line 367, in _raise_timeout
    raise ReadTimeoutError(
        self, url, f"Read timed out. (read timeout={timeout_value})"
    ) from err
urllib3.exceptions.ReadTimeoutError: HTTPSConnectionPool(host='im.vk.com', port=443): Read timed out. (read timeout=35)

During handling of the above exception, another exception occurred:

Traceback (most recent call last):
  File "C:\Users\marga\PycharmProjects\лора дейн вк\main.py", line 359, in main
    for event in longpoll.listen():
                 ~~~~~~~~~~~~~~~^^
  File "C:\Users\marga\PycharmProjects\лора дейн вк\.venv\Lib\site-packages\vk_api\longpoll.py", line 611, in listen
    yield from self.check()
               ~~~~~~~~~~^^
  File "C:\Users\marga\PycharmProjects\лора дейн вк\.venv\Lib\site-packages\vk_api\longpoll.py", line 548, in check
    response = self.session.get(
               ~~~~~~~~~~~~~~~~^
        self.url,
        ^^^^^^^^^
        params=values,
        ^^^^^^^^^^^^^^
        timeout=self.wait + 10
        ^^^^^^^^^^^^^^^^^^^^^^
    ).json()
    ^
  File "C:\Users\marga\PycharmProjects\лора дейн вк\.venv\Lib\site-packages\requests\sessions.py", line 602, in get
    return self.request("GET", url, **kwargs)
           ~~~~~~~~~~~~^^^^^^^^^^^^^^^^^^^^^^
  File "C:\Users\marga\PycharmProjects\лора дейн вк\.venv\Lib\site-packages\requests\sessions.py", line 589, in request
    resp = self.send(prep, **send_kwargs)
  File "C:\Users\marga\PycharmProjects\лора дейн вк\.venv\Lib\site-packages\requests\sessions.py", line 703, in send
    r = adapter.send(request, **kwargs)
  File "C:\Users\marga\PycharmProjects\лора дейн вк\.venv\Lib\site-packages\requests\adapters.py", line 690, in send
    raise ReadTimeout(e, request=request)
requests.exceptions.ReadTimeout: HTTPSConnectionPool(host='im.vk.com', port=443): Read timed out. (read timeout=35)

2026-04-21 00:00:26 | INFO     | Бот остановлен
2026-08-07 00:10:26 | INFO     | ========================================
2026-08-07 00:10:26 | INFO     | ЗАПУСК БОТА (VK API, текстовый ввод)
2026-08-07 00:10:26 | INFO     | ========================================
2026-08-07 00:10:49 | INFO     | Новый игрок: 26654099 (@mkuchumova)
