2026-04-20 22:56:20 | INFO     | ========================================
2026-04-20 22:56:20 | INFO     | ЗАПУСК БОТА Убийственная Маргарита (VK API, текстовый ввод)
2026-04-20 22:56:20 | INFO     | ========================================
2026-04-20 22:56:20 | ERROR    | Ошибка отправки админу 26654099: name 'get_random_id' is not defined
2026-04-20 22:58:01 | ERROR    | Ошибка отправки админу 26654099: name 'get_random_id' is not defined
2026-04-20 22:58:01 | INFO     | Бот Убийственная Маргарита остановлен
2026-04-20 22:58:01 | INFO     | ========================================
2026-04-20 22:58:01 | INFO     | ЗАПУСК БОТА Убийственная Маргарита (VK API, текстовый ввод)
2026-04-20 22:58:01 | INFO     | ========================================
2026-04-20 22:58:10 | INFO     | Бот Убийственная Маргарита остановлен
2026-04-20 23:00:45 | INFO     | ========================================
2026-04-20 23:00:45 | INFO     | ЗАПУСК БОТА Убийственная Маргарита (VK API, текстовый ввод)
2026-04-20 23:00:45 | INFO     | ========================================
2026-04-20 23:00:51 | ERROR    | Критическая ошибка: handle_message() missing 2 required positional arguments: 'user_id' and 'text'
Traceback (most recent call last):
  File "C:\Users\marga\PycharmProjects\убийственная маргарита вк\main.py", line 773, in main
    handle_message(event)
    ~~~~~~~~~~~~~~^^^^^^^
TypeError: handle_message() missing 2 required positional arguments: 'user_id' and 'text'

2026-04-20 23:00:52 | INFO     | Бот Убийственная Маргарита остановлен
2026-04-20 23:05:58 | INFO     | ========================================
2026-04-20 23:05:58 | INFO     | ЗАПУСК БОТА Убийственная Маргарита (VK API, текстовый ввод)
2026-04-20 23:05:58 | INFO     | ========================================
2026-04-20 23:06:03 | INFO     | Сообщение от 26654099: привет
2026-04-20 23:06:07 | INFO     | Сообщение от 26654099: нет
2026-04-20 23:06:09 | INFO     | Сообщение от 26654099: 11
2026-04-20 23:06:12 | INFO     | Сообщение от 26654099: лео
2026-04-20 23:06:16 | INFO     | Сообщение от 26654099: 11,17
2026-04-20 23:06:21 | INFO     | Сообщение от 26654099: 1503
2026-04-20 23:06:33 | INFO     | Сообщение от 26654099: джулиан, виктор
2026-04-20 23:06:37 | INFO     | Сообщение от 26654099: 16.
2026-04-20 23:06:40 | INFO     | Сообщение от 26654099: 16,8
2026-04-20 23:06:43 | INFO     | Сообщение от 26654099: оливия
2026-04-20 23:06:45 | INFO     | Сообщение от 26654099: нет
2026-04-20 23:06:50 | INFO     | Сообщение от 26654099: 31,33
2026-04-20 23:06:59 | INFO     | Сообщение от 26654099: неь
2026-04-20 23:07:03 | INFO     | Сообщение от 26654099: 31,33
2026-04-20 23:07:04 | INFO     | Аудиозапись успешно отправлена
2026-04-20 23:07:15 | INFO     | Сообщение от 26654099: 1
2026-04-20 23:07:22 | INFO     | Сообщение от 26654099: готов назвать убийцу
2026-04-20 23:07:25 | INFO     | Сообщение от 26654099: марк
2026-04-20 23:07:28 | INFO     | Финальный отчет отправлен
2026-04-20 23:11:09 | INFO     | ========================================
2026-04-20 23:11:09 | INFO     | ЗАПУСК БОТА Убийственная Маргарита (VK API, текстовый ввод)
2026-04-20 23:11:09 | INFO     | ========================================
2026-04-20 23:11:18 | INFO     | Сообщение от 26654099: привет
2026-04-20 23:11:22 | INFO     | Сообщение от 26654099: маргарита
2026-04-20 23:11:26 | INFO     | Сообщение от 26654099: маргарита
2026-04-20 23:11:39 | INFO     | Сообщение от 26654099: убийственная маргарита
2026-04-20 23:13:06 | INFO     | ========================================
2026-04-20 23:13:06 | INFO     | ЗАПУСК БОТА Убийственная Маргарита (VK API, текстовый ввод)
2026-04-20 23:13:06 | INFO     | ========================================
2026-04-20 23:13:11 | INFO     | Сообщение от 26654099: kj
2026-04-20 23:13:26 | INFO     | Сообщение от 26654099: маргарита
2026-04-20 23:14:03 | INFO     | ========================================
2026-04-20 23:14:03 | INFO     | ЗАПУСК БОТА Убийственная Маргарита (VK API, текстовый ввод)
2026-04-20 23:14:03 | INFO     | ========================================
2026-04-20 23:14:06 | INFO     | Сообщение от 26654099: гоне
2026-04-20 23:14:09 | INFO     | Сообщение от 26654099: маргарита
2026-04-20 23:18:12 | INFO     | ========================================
2026-04-20 23:18:12 | INFO     | ЗАПУСК БОТА Убийственная Маргарита (VK API, текстовый ввод)
2026-04-20 23:18:12 | INFO     | ========================================
2026-04-20 23:18:17 | INFO     | Сообщение от 26654099: k
2026-04-20 23:18:23 | INFO     | Сообщение от 26654099: маргарита
2026-04-20 23:18:26 | INFO     | Сообщение от 26654099: нет
2026-04-20 23:18:28 | INFO     | Сообщение от 26654099: 11
2026-04-20 23:18:31 | INFO     | Сообщение от 26654099: лео
2026-04-20 23:18:35 | INFO     | Сообщение от 26654099: 11,17
2026-04-20 23:18:40 | INFO     | Сообщение от 26654099: 1503
2026-04-20 23:18:47 | INFO     | Сообщение от 26654099: джулиан, виктор
2026-04-20 23:18:52 | INFO     | Сообщение от 26654099: 8,16
2026-04-20 23:18:56 | INFO     | Сообщение от 26654099: оливия
2026-04-20 23:18:58 | INFO     | Сообщение от 26654099: нет
2026-04-20 23:19:03 | INFO     | Сообщение от 26654099: 31,33
2026-04-20 23:19:04 | INFO     | Аудиозапись успешно отправлена
2026-04-20 23:19:11 | INFO     | Сообщение от 26654099: 1
2026-04-20 23:19:22 | INFO     | Сообщение от 26654099: готов назвать убийцу
2026-04-20 23:19:24 | INFO     | Сообщение от 26654099: марк
2026-04-20 23:19:27 | INFO     | Финальный отчет отправлен
2026-04-20 23:20:34 | INFO     | Сообщение от 46166014: хрюк
2026-04-20 23:20:39 | INFO     | Сообщение от 46166014: маргарита
2026-04-20 23:20:47 | INFO     | Сообщение от 46166014: да
2026-04-20 23:20:51 | INFO     | Сообщение от 46166014: опвцолг
2026-04-20 23:20:54 | INFO     | Сообщение от 46166014: да
2026-04-20 23:21:01 | INFO     | Сообщение от 46166014: нет
2026-04-20 23:21:06 | INFO     | Сообщение от 46166014: 555
2026-04-20 23:21:09 | INFO     | Сообщение от 46166014: 11
2026-04-20 23:21:17 | INFO     | Сообщение от 46166014: лео голанто
2026-04-20 23:21:24 | INFO     | Сообщение от 46166014: 555424г6аиг4кп5
2026-04-20 23:21:28 | INFO     | Сообщение от 46166014: да
2026-04-20 23:21:32 | INFO     | Сообщение от 46166014: да
2026-04-20 23:21:41 | INFO     | Сообщение от 46166014: 11 17
2026-04-20 23:21:46 | INFO     | Сообщение от 46166014: 11,       17
2026-04-20 23:21:55 | INFO     | Сообщение от 46166014: 1503
2026-04-20 23:22:03 | INFO     | Сообщение от 46166014: пися
2026-04-20 23:22:11 | INFO     | Сообщение от 46166014: в тебе проблема
2026-04-20 23:22:16 | INFO     | Сообщение от 46166014: гандошка
2026-04-20 23:22:29 | INFO     | Сообщение от 46166014: виктор, джулиан
2026-04-20 23:22:39 | INFO     | Сообщение от 46166014: 16, 8
2026-04-20 23:22:48 | INFO     | Сообщение от 46166014: аптека
2026-04-20 23:22:48 | WARNING  | ask_hint called for question 8 with no hint
2026-04-20 23:22:55 | INFO     | Сообщение от 46166014: оливия
2026-04-20 23:23:00 | INFO     | Сообщение от 46166014: нет
2026-04-20 23:23:06 | INFO     | Сообщение от 46166014: да
2026-04-20 23:23:15 | INFO     | Сообщение от 46166014: 31, 33
2026-04-20 23:23:22 | INFO     | Сообщение от 46166014: 33, 31
2026-04-20 23:23:26 | INFO     | Сообщение от 46166014: нет
2026-04-20 23:23:34 | INFO     | Сообщение от 46166014: 31, 33
2026-04-20 23:23:36 | INFO     | Аудиозапись успешно отправлена
2026-04-20 23:23:54 | INFO     | Сообщение от 46166014: 11
2026-04-20 23:24:06 | INFO     | Сообщение от 46166014: готов назвать убийцу
2026-04-20 23:24:10 | INFO     | Сообщение от 46166014: пися
2026-04-20 23:24:14 | INFO     | Сообщение от 46166014: марг
2026-04-20 23:24:16 | INFO     | Сообщение от 46166014: марк
2026-04-20 23:24:20 | INFO     | Финальный отчет отправлен
2026-04-20 23:28:10 | INFO     | Сообщение от 26654099: ло
2026-04-20 23:28:15 | INFO     | Сообщение от 26654099: лора
2026-04-20 23:28:32 | INFO     | Сообщение от 26654099: 1, 3
2026-04-20 23:28:45 | INFO     | Сообщение от 26654099: 1, 2
2026-04-20 23:28:50 | INFO     | Сообщение от 26654099: 6
2026-04-20 23:28:56 | INFO     | Сообщение от 26654099: маргарита
2026-04-20 23:29:04 | INFO     | Сообщение от 26654099: вап
2026-04-20 23:29:08 | INFO     | Сообщение от 26654099: маргарита
2026-04-20 23:29:22 | INFO     | Сообщение от 26654099: маргарита
2026-04-20 23:30:25 | INFO     | Бот Убийственная Маргарита остановлен
2026-04-20 23:30:34 | INFO     | ========================================
2026-04-20 23:30:34 | INFO     | ЗАПУСК БОТА Убийственная Маргарита (VK API, текстовый ввод)
2026-04-20 23:30:34 | INFO     | ========================================
2026-04-20 23:30:46 | INFO     | Сообщение от 26654099: вара
2026-04-20 23:30:51 | INFO     | Сообщение от 26654099: апрап
2026-04-20 23:30:57 | INFO     | Сообщение от 26654099: лора
2026-04-20 23:31:06 | INFO     | Сообщение от 26654099: 1,3
2026-04-20 23:31:12 | INFO     | Сообщение от 26654099: 1,2
2026-04-20 23:31:20 | INFO     | Сообщение от 26654099: 6
2026-04-20 23:31:28 | INFO     | Сообщение от 26654099: маргарита
2026-04-20 23:42:02 | INFO     | Сообщение от 26654099: gfjhg
2026-04-20 23:42:10 | INFO     | Сообщение от 26654099: рестар
2026-04-20 23:42:13 | INFO     | Сообщение от 26654099: рестарт
2026-04-20 23:42:25 | INFO     | Сообщение от 26654099: 1,2
2026-04-20 23:42:35 | INFO     | Сообщение от 26654099: 1,3
2026-04-20 23:42:41 | INFO     | Сообщение от 26654099: 1,2
2026-04-20 23:42:44 | INFO     | Сообщение от 26654099: глория
2026-04-20 23:42:46 | INFO     | Сообщение от 26654099: 6
2026-04-20 23:44:03 | INFO     | Бот Убийственная Маргарита остановлен
2026-04-24 23:57:12 | INFO     | ========================================
2026-04-24 23:57:12 | INFO     | ЗАПУСК БОТА Убийственная Маргарита (VK API, текстовый ввод)
2026-04-24 23:57:12 | INFO     | ========================================
2026-04-24 23:57:21 | INFO     | ========================================
2026-04-24 23:57:21 | INFO     | ЗАПУСК БОТА Убийственная Маргарита (VK API, текстовый ввод)
2026-04-24 23:57:21 | INFO     | ========================================
2026-04-24 23:57:35 | INFO     | Сообщение от 26654099: привет
2026-04-24 23:57:39 | INFO     | Сообщение от 26654099: маргарита
2026-04-24 23:58:58 | INFO     | Сообщение от 89382770: маргарита
2026-04-25 00:00:48 | ERROR    | Критическая ошибка: HTTPSConnectionPool(host='im.vk.com', port=443): Read timed out. (read timeout=35)
Traceback (most recent call last):
  File "C:\Users\marga\PycharmProjects\убийственная маргарита вк\.venv\Lib\site-packages\urllib3\connectionpool.py", line 534, in _make_request
    response = conn.getresponse()
  File "C:\Users\marga\PycharmProjects\убийственная маргарита вк\.venv\Lib\site-packages\urllib3\connection.py", line 571, in getresponse
    httplib_response = super().getresponse()
  File "C:\Users\marga\AppData\Local\Programs\Python\Python313\Lib\http\client.py", line 1430, in getresponse
    response.begin()
    ~~~~~~~~~~~~~~^^
  File "C:\Users\marga\AppData\Local\Programs\Python\Python313\Lib\http\client.py", line 331, in begin
    version, status, reason = self._read_status()
                              ~~~~~~~~~~~~~~~~~^^
  File "C:\Users\marga\AppData\Local\Programs\Python\Python313\Lib\http\client.py", line 292, in _read_status
    line = str(self.fp.readline(_MAXLINE + 1), "iso-8859-1")
               ~~~~~~~~~~~~~~~~^^^^^^^^^^^^^^
  File "C:\Users\marga\AppData\Local\Programs\Python\Python313\Lib\socket.py", line 719, in readinto
    return self._sock.recv_into(b)
           ~~~~~~~~~~~~~~~~~~~~^^^
  File "C:\Users\marga\AppData\Local\Programs\Python\Python313\Lib\ssl.py", line 1304, in recv_into
    return self.read(nbytes, buffer)
           ~~~~~~~~~^^^^^^^^^^^^^^^^
  File "C:\Users\marga\AppData\Local\Programs\Python\Python313\Lib\ssl.py", line 1138, in read
    return self._sslobj.read(len, buffer)
           ~~~~~~~~~~~~~~~~~^^^^^^^^^^^^^
TimeoutError: The read operation timed out

The above exception was the direct cause of the following exception:

Traceback (most recent call last):
  File "C:\Users\marga\PycharmProjects\убийственная маргарита вк\.venv\Lib\site-packages\requests\adapters.py", line 644, in send
    resp = conn.urlopen(
        method=request.method,
    ...<9 lines>...
        chunked=chunked,
    )
  File "C:\Users\marga\PycharmProjects\убийственная маргарита вк\.venv\Lib\site-packages\urllib3\connectionpool.py", line 841, in urlopen
    retries = retries.increment(
        method, url, error=new_e, _pool=self, _stacktrace=sys.exc_info()[2]
    )
  File "C:\Users\marga\PycharmProjects\убийственная маргарита вк\.venv\Lib\site-packages\urllib3\util\retry.py", line 490, in increment
    raise reraise(type(error), error, _stacktrace)
          ~~~~~~~^^^^^^^^^^^^^^^^^^^^^^^^^^^^^^^^^
  File "C:\Users\marga\PycharmProjects\убийственная маргарита вк\.venv\Lib\site-packages\urllib3\util\util.py", line 39, in reraise
    raise value
  File "C:\Users\marga\PycharmProjects\убийственная маргарита вк\.venv\Lib\site-packages\urllib3\connectionpool.py", line 787, in urlopen
    response = self._make_request(
        conn,
    ...<10 lines>...
        **response_kw,
    )
  File "C:\Users\marga\PycharmProjects\убийственная маргарита вк\.venv\Lib\site-packages\urllib3\connectionpool.py", line 536, in _make_request
    self._raise_timeout(err=e, url=url, timeout_value=read_timeout)
    ~~~~~~~~~~~~~~~~~~~^^^^^^^^^^^^^^^^^^^^^^^^^^^^^^^^^^^^^^^^^^^^
  File "C:\Users\marga\PycharmProjects\убийственная маргарита вк\.venv\Lib\site-packages\urllib3\connectionpool.py", line 367, in _raise_timeout
    raise ReadTimeoutError(
        self, url, f"Read timed out. (read timeout={timeout_value})"
    ) from err
urllib3.exceptions.ReadTimeoutError: HTTPSConnectionPool(host='im.vk.com', port=443): Read timed out. (read timeout=35)

During handling of the above exception, another exception occurred:

Traceback (most recent call last):
  File "C:\Users\marga\PycharmProjects\убийственная маргарита вк\main.py", line 683, in main
    for event in longpoll.listen():
                 ~~~~~~~~~~~~~~~^^
  File "C:\Users\marga\PycharmProjects\убийственная маргарита вк\.venv\Lib\site-packages\vk_api\longpoll.py", line 611, in listen
    yield from self.check()
               ~~~~~~~~~~^^
  File "C:\Users\marga\PycharmProjects\убийственная маргарита вк\.venv\Lib\site-packages\vk_api\longpoll.py", line 548, in check
    response = self.session.get(
               ~~~~~~~~~~~~~~~~^
        self.url,
        ^^^^^^^^^
        params=values,
        ^^^^^^^^^^^^^^
        timeout=self.wait + 10
        ^^^^^^^^^^^^^^^^^^^^^^
    ).json()
    ^
  File "C:\Users\marga\PycharmProjects\убийственная маргарита вк\.venv\Lib\site-packages\requests\sessions.py", line 602, in get
    return self.request("GET", url, **kwargs)
           ~~~~~~~~~~~~^^^^^^^^^^^^^^^^^^^^^^
  File "C:\Users\marga\PycharmProjects\убийственная маргарита вк\.venv\Lib\site-packages\requests\sessions.py", line 589, in request
    resp = self.send(prep, **send_kwargs)
  File "C:\Users\marga\PycharmProjects\убийственная маргарита вк\.venv\Lib\site-packages\requests\sessions.py", line 703, in send
    r = adapter.send(request, **kwargs)
  File "C:\Users\marga\PycharmProjects\убийственная маргарита вк\.venv\Lib\site-packages\requests\adapters.py", line 690, in send
    raise ReadTimeout(e, request=request)
requests.exceptions.ReadTimeout: HTTPSConnectionPool(host='im.vk.com', port=443): Read timed out. (read timeout=35)

2026-04-25 00:00:49 | INFO     | Бот Убийственная Маргарита остановлен
2026-04-25 00:08:26 | INFO     | ========================================
2026-04-25 00:08:26 | INFO     | ЗАПУСК БОТА Убийственная Маргарита (VK API, текстовый ввод)
2026-04-25 00:08:26 | INFO     | ========================================
2026-04-25 00:08:44 | INFO     | Сообщение от 26654099: нет
2026-04-25 00:32:13 | INFO     | Сообщение от 89382770: хей
2026-04-25 00:32:17 | INFO     | Сообщение от 89382770: маргарита
2026-04-25 00:34:10 | INFO     | Сообщение от 89382770: нет
2026-04-25 00:34:48 | INFO     | Сообщение от 89382770: 12
2026-04-25 00:34:52 | INFO     | Сообщение от 89382770: нет
2026-04-25 00:34:57 | INFO     | Сообщение от 89382770: 11
2026-04-25 00:36:02 | INFO     | Сообщение от 89382770: лео
2026-04-25 00:36:45 | INFO     | Сообщение от 89382770: 15, 17
2026-04-25 00:37:09 | INFO     | Сообщение от 89382770: 3, 17
2026-04-25 00:37:20 | INFO     | Сообщение от 89382770: 11, 17
2026-04-25 00:38:12 | INFO     | Сообщение от 89382770: 1988
2026-04-25 00:38:17 | INFO     | Сообщение от 89382770: 1503
2026-04-25 00:39:02 | INFO     | Сообщение от 89382770: джулиан, лео
2026-04-25 00:40:59 | INFO     | Сообщение от 89382770: джулиан, марк
2026-04-25 00:41:25 | INFO     | Сообщение от 89382770: джулиан, виктор
2026-04-25 00:41:55 | INFO     | Сообщение от 89382770: 8, 10
2026-04-25 00:43:04 | INFO     | Сообщение от 89382770: 8, 18
2026-04-25 00:43:50 | INFO     | Сообщение от 89382770: 8, 16
2026-04-25 00:54:05 | INFO     | Сообщение от 89382770: оливия
2026-04-25 00:56:05 | INFO     | Сообщение от 89382770: да
2026-04-25 00:56:57 | INFO     | Сообщение от 89382770: нет
2026-04-25 00:59:08 | INFO     | Сообщение от 89382770: 28, 33
2026-04-25 00:59:52 | INFO     | Сообщение от 89382770: 31, 3к
2026-04-25 00:59:56 | INFO     | Сообщение от 89382770: 31, 33
2026-04-25 00:59:57 | INFO     | Аудиозапись успешно отправлена
2026-04-25 01:08:26 | INFO     | Heartbeat. Аптайм: 1:00:00
2026-04-25 01:11:45 | INFO     | Сообщение от 89382770: 1
2026-04-25 01:12:04 | INFO     | Сообщение от 89382770: 6
2026-04-25 01:15:48 | INFO     | Сообщение от 89382770: 11
2026-04-25 01:16:08 | INFO     | Сообщение от 89382770: 7
2026-04-25 01:16:37 | INFO     | Сообщение от 89382770: 3
2026-04-25 01:17:09 | INFO     | Сообщение от 89382770: 2
2026-04-25 01:18:47 | INFO     | Сообщение от 89382770: 8
2026-04-25 01:19:58 | INFO     | Сообщение от 89382770: готов назвать убийцу
2026-04-25 01:20:17 | INFO     | Сообщение от 89382770: марк
2026-04-25 01:20:19 | INFO     | Финальный отчет отправлен
2026-04-25 01:53:46 | ERROR    | Критическая ошибка: HTTPSConnectionPool(host='im.vk.com', port=443): Read timed out. (read timeout=35)
Traceback (most recent call last):
  File "C:\Users\marga\PycharmProjects\убийственная маргарита вк\.venv\Lib\site-packages\urllib3\connectionpool.py", line 534, in _make_request
    response = conn.getresponse()
  File "C:\Users\marga\PycharmProjects\убийственная маргарита вк\.venv\Lib\site-packages\urllib3\connection.py", line 571, in getresponse
    httplib_response = super().getresponse()
  File "C:\Users\marga\AppData\Local\Programs\Python\Python313\Lib\http\client.py", line 1430, in getresponse
    response.begin()
    ~~~~~~~~~~~~~~^^
  File "C:\Users\marga\AppData\Local\Programs\Python\Python313\Lib\http\client.py", line 331, in begin
    version, status, reason = self._read_status()
                              ~~~~~~~~~~~~~~~~~^^
  File "C:\Users\marga\AppData\Local\Programs\Python\Python313\Lib\http\client.py", line 292, in _read_status
    line = str(self.fp.readline(_MAXLINE + 1), "iso-8859-1")
               ~~~~~~~~~~~~~~~~^^^^^^^^^^^^^^
  File "C:\Users\marga\AppData\Local\Programs\Python\Python313\Lib\socket.py", line 719, in readinto
    return self._sock.recv_into(b)
           ~~~~~~~~~~~~~~~~~~~~^^^
  File "C:\Users\marga\AppData\Local\Programs\Python\Python313\Lib\ssl.py", line 1304, in recv_into
    return self.read(nbytes, buffer)
           ~~~~~~~~~^^^^^^^^^^^^^^^^
  File "C:\Users\marga\AppData\Local\Programs\Python\Python313\Lib\ssl.py", line 1138, in read
    return self._sslobj.read(len, buffer)
           ~~~~~~~~~~~~~~~~~^^^^^^^^^^^^^
TimeoutError: The read operation timed out

The above exception was the direct cause of the following exception:

Traceback (most recent call last):
  File "C:\Users\marga\PycharmProjects\убийственная маргарита вк\.venv\Lib\site-packages\requests\adapters.py", line 644, in send
    resp = conn.urlopen(
        method=request.method,
    ...<9 lines>...
        chunked=chunked,
    )
  File "C:\Users\marga\PycharmProjects\убийственная маргарита вк\.venv\Lib\site-packages\urllib3\connectionpool.py", line 841, in urlopen
    retries = retries.increment(
        method, url, error=new_e, _pool=self, _stacktrace=sys.exc_info()[2]
    )
  File "C:\Users\marga\PycharmProjects\убийственная маргарита вк\.venv\Lib\site-packages\urllib3\util\retry.py", line 490, in increment
    raise reraise(type(error), error, _stacktrace)
          ~~~~~~~^^^^^^^^^^^^^^^^^^^^^^^^^^^^^^^^^
  File "C:\Users\marga\PycharmProjects\убийственная маргарита вк\.venv\Lib\site-packages\urllib3\util\util.py", line 39, in reraise
    raise value
  File "C:\Users\marga\PycharmProjects\убийственная маргарита вк\.venv\Lib\site-packages\urllib3\connectionpool.py", line 787, in urlopen
    response = self._make_request(
        conn,
    ...<10 lines>...
        **response_kw,
    )
  File "C:\Users\marga\PycharmProjects\убийственная маргарита вк\.venv\Lib\site-packages\urllib3\connectionpool.py", line 536, in _make_request
    self._raise_timeout(err=e, url=url, timeout_value=read_timeout)
    ~~~~~~~~~~~~~~~~~~~^^^^^^^^^^^^^^^^^^^^^^^^^^^^^^^^^^^^^^^^^^^^
  File "C:\Users\marga\PycharmProjects\убийственная маргарита вк\.venv\Lib\site-packages\urllib3\connectionpool.py", line 367, in _raise_timeout
    raise ReadTimeoutError(
        self, url, f"Read timed out. (read timeout={timeout_value})"
    ) from err
urllib3.exceptions.ReadTimeoutError: HTTPSConnectionPool(host='im.vk.com', port=443): Read timed out. (read timeout=35)

During handling of the above exception, another exception occurred:

Traceback (most recent call last):
  File "C:\Users\marga\PycharmProjects\убийственная маргарита вк\main.py", line 683, in main
    for event in longpoll.listen():
                 ~~~~~~~~~~~~~~~^^
  File "C:\Users\marga\PycharmProjects\убийственная маргарита вк\.venv\Lib\site-packages\vk_api\longpoll.py", line 611, in listen
    yield from self.check()
               ~~~~~~~~~~^^
  File "C:\Users\marga\PycharmProjects\убийственная маргарита вк\.venv\Lib\site-packages\vk_api\longpoll.py", line 548, in check
    response = self.session.get(
               ~~~~~~~~~~~~~~~~^
        self.url,
        ^^^^^^^^^
        params=values,
        ^^^^^^^^^^^^^^
        timeout=self.wait + 10
        ^^^^^^^^^^^^^^^^^^^^^^
    ).json()
    ^
  File "C:\Users\marga\PycharmProjects\убийственная маргарита вк\.venv\Lib\site-packages\requests\sessions.py", line 602, in get
    return self.request("GET", url, **kwargs)
           ~~~~~~~~~~~~^^^^^^^^^^^^^^^^^^^^^^
  File "C:\Users\marga\PycharmProjects\убийственная маргарита вк\.venv\Lib\site-packages\requests\sessions.py", line 589, in request
    resp = self.send(prep, **send_kwargs)
  File "C:\Users\marga\PycharmProjects\убийственная маргарита вк\.venv\Lib\site-packages\requests\sessions.py", line 703, in send
    r = adapter.send(request, **kwargs)
  File "C:\Users\marga\PycharmProjects\убийственная маргарита вк\.venv\Lib\site-packages\requests\adapters.py", line 690, in send
    raise ReadTimeout(e, request=request)
requests.exceptions.ReadTimeout: HTTPSConnectionPool(host='im.vk.com', port=443): Read timed out. (read timeout=35)

2026-04-25 01:53:48 | INFO     | Бот Убийственная Маргарита остановлен
2026-08-07 00:11:55 | INFO     | ========================================
2026-08-07 00:11:55 | INFO     | ЗАПУСК БОТА Убийственная Маргарита (VK API, текстовый ввод)
2026-08-07 00:11:55 | INFO     | ========================================
2026-08-07 00:12:02 | INFO     | Сообщение от 26654099: привет
2026-08-07 00:12:09 | INFO     | Сообщение от 26654099: маргарита
